nohup: ignoring input
[34m╭──────────────────────────────────────────────────────────────────────────────╮[0m
[34m│[0m                                                                              [34m│[0m
[34m│[0m    [1;37mautoBot Ingestor[0m                                                          [34m│[0m
[34m│[0m    [2mMode: Backfill[0m                                                            [34m│[0m
[34m│[0m                                                                              [34m│[0m
[34m╰──────────────────────────────────────────────────────────────────────────────╯[0m

[1;36m [0m[1;36mConfig    [0m[1;36m [0m[1;36m [0m[1;36mValue               [0m[1;36m [0m
[2m [0m[2mLake Path [0m[2m [0m lake                 
[2m [0m[2mSymbols   [0m[2m [0m SPY, QQQ             
[2m [0m[2mFeed      [0m[2m [0m IEX                  
[2m [0m[2mDays      [0m[2m [0m 30                   
[2m [0m[2mData Types[0m[2m [0m trades, quotes, bars 

[19:43:26] [32mINFO [0m  ingestor_starting
           ├── mode: backfill
           ├── lake_path: lake
           ├── symbols: ['SPY', 'QQQ']
           └── feed: iex
[19:43:26] [32mINFO [0m  backfill_starting
           ├── symbols: ['SPY', 'QQQ']
           ├── days: 30
           ├── data_types: ['trades', 'quotes', 'bars']
           └── feed: iex
[19:43:26] [32mINFO [0m  parquet_writer_initialized
           ├── base_path: lake
           ├── compression: snappy
           ├── batch_size: 10000
           ├── buffer_size: 5000
           └── memory_logging: False
[19:43:26] [32mINFO [0m  backfill_orchestrator_initialized
           ├── lake_path: lake
           └── feed: iex
[19:43:26] [32mINFO [0m  backfill_started
           ├── symbols: ['SPY', 'QQQ']
           ├── start: 2025-12-17T19:43:26.256104+00:00
           ├── end: 2026-01-16T19:43:26.256104+00:00
           ├── data_types: ['trades', 'quotes', 'bars']
           └── total_days: 31

[1mBackfill Progress[0m [1m([0m[1;36m31[0m days x [1;36m3[0m types x [1;36m2[0m symbols[1m)[0m
[1;34mStarted:[0m Processing SPY [1m([0m[1;36m0[0m/[1;36m93[0m[1m)[0m
[19:43:27] [32mINFO [0m  trades_written
           ├── data_type: trades
           ├── record_count: 18742
           ├── partitions: 1
           └── total_bytes: 191.0 KB
[19:44:48] [32mINFO [0m  quotes_written
           ├── data_type: quotes
           ├── record_count: 2386556
           ├── partitions: 1
           └── total_bytes: 16.0 MB
[1mProcessing SPY[0m [1m[[0m[33mRunning[0m[1m][0m [1;36m2[0m/[1;36m93[0m [1m([0m[1;36m2[0m%[1m)[0m | [1;33m2025[0m[33m-[0m[1;33m12[0m[33m-[0m[1;33m17[0m | [1;32m2.[0m[32m4M[0m records | [1;35m29.[0m[35m2K[0m/s | 1m 
22s
[19:44:48] [32mINFO [0m  bars_written
           ├── data_type: bars
           ├── record_count: 413
           ├── partitions: 1
           └── total_bytes: 19.0 KB
[19:44:49] [32mINFO [0m  trades_written
           ├── data_type: trades
           ├── record_count: 28308
           ├── partitions: 1
           └── total_bytes: 275.0 KB
[19:46:56] [32mINFO [0m  quotes_written
           ├── data_type: quotes
           ├── record_count: 3716592
           ├── partitions: 1
           └── total_bytes: 23.0 MB
[1mProcessing SPY[0m [1m[[0m[33mRunning[0m[1m][0m [1;36m5[0m/[1;36m93[0m [1m([0m[1;36m5[0m%[1m)[0m | [1;33m2025[0m[33m-[0m[1;33m12[0m[33m-[0m[1;33m18[0m | [1;32m6.[0m[32m2M[0m records | [1;35m29.[0m[35m2K[0m/s | 3m 
30s
[19:46:56] [32mINFO [0m  bars_written
           ├── data_type: bars
           ├── record_count: 418
           ├── partitions: 1
           └── total_bytes: 19.0 KB
[19:46:57] [32mINFO [0m  trades_written
           ├── data_type: trades
           ├── record_count: 27721
           ├── partitions: 1
           └── total_bytes: 261.0 KB
[19:48:05] [32mINFO [0m  quotes_written
           ├── data_type: quotes
           ├── record_count: 2101976
           ├── partitions: 1
           └── total_bytes: 13.0 MB
[1mProcessing SPY[0m [1m[[0m[33mRunning[0m[1m][0m [1;36m8[0m/[1;36m93[0m [1m([0m[1;36m9[0m%[1m)[0m | [1;33m2025[0m[33m-[0m[1;33m12[0m[33m-[0m[1;33m19[0m | [1;32m8.[0m[32m3M[0m records | [1;35m29.[0m[35m7K[0m/s | 4m 
39s
[19:48:05] [32mINFO [0m  bars_written
           ├── data_type: bars
           ├── record_count: 422
           ├── partitions: 1
           └── total_bytes: 18.0 KB
[19:48:06] [32mINFO [0m  trades_written
           ├── data_type: trades
           ├── record_count: 16883
           ├── partitions: 1
           └── total_bytes: 163.0 KB
[19:48:39] [32mINFO [0m  quotes_written
           ├── data_type: quotes
           ├── record_count: 1071421
           ├── partitions: 1
           └── total_bytes: 7.0 MB
[1mProcessing SPY[0m [1m[[0m[33mRunning[0m[1m][0m [1;36m17[0m/[1;36m93[0m [1m([0m[1;36m18[0m%[1m)[0m | [1;33m2025[0m[33m-[0m[1;33m12[0m[33m-[0m[1;33m22[0m | [1;32m9.[0m[32m4M[0m records | [1;35m29.[0m[35m9K[0m/s | 5m 
13s
[19:48:39] [32mINFO [0m  bars_written
           ├── data_type: bars
           ├── record_count: 409
           ├── partitions: 1
           └── total_bytes: 17.0 KB
[19:48:40] [32mINFO [0m  trades_written
           ├── data_type: trades
           ├── record_count: 15473
           ├── partitions: 1
           └── total_bytes: 151.0 KB
[19:49:09] [32mINFO [0m  quotes_written
           ├── data_type: quotes
           ├── record_count: 855487
           ├── partitions: 1
           └── total_bytes: 5.0 MB
[1mProcessing SPY[0m [1m[[0m[33mRunning[0m[1m][0m [1;36m20[0m/[1;36m93[0m [1m([0m[1;36m22[0m%[1m)[0m | [1;33m2025[0m[33m-[0m[1;33m12[0m[33m-[0m[1;33m23[0m | [1;32m10.[0m[32m2M[0m records | [1;35m29.[0m[35m9K[0m/s | 5m
42s
[19:49:09] [32mINFO [0m  bars_written
           ├── data_type: bars
           ├── record_count: 413
           ├── partitions: 1
           └── total_bytes: 17.0 KB
[19:49:09] [32mINFO [0m  trades_written
           ├── data_type: trades
           ├── record_count: 8796
           ├── partitions: 1
           └── total_bytes: 88.0 KB
[19:49:23] [32mINFO [0m  quotes_written
           ├── data_type: quotes
           ├── record_count: 441650
           ├── partitions: 1
           └── total_bytes: 3.0 MB
[1mProcessing SPY[0m [1m[[0m[33mRunning[0m[1m][0m [1;36m23[0m/[1;36m93[0m [1m([0m[1;36m25[0m%[1m)[0m | [1;33m2025[0m[33m-[0m[1;33m12[0m[33m-[0m[1;33m24[0m | [1;32m10.[0m[32m7M[0m records | [1;35m29.[0m[35m9K[0m/s | 5m
57s
[19:49:23] [32mINFO [0m  bars_written
           ├── data_type: bars
           ├── record_count: 219
           ├── partitions: 1
           └── total_bytes: 11.0 KB
[19:49:24] [32mINFO [0m  trades_written
           ├── data_type: trades
           ├── record_count: 6696
           ├── partitions: 1
           └── total_bytes: 68.0 KB
[19:49:31] [32mINFO [0m  quotes_written
           ├── data_type: quotes
           ├── record_count: 220556
           ├── partitions: 1
           └── total_bytes: 1.0 MB
[19:49:31] [32mINFO [0m  bars_written
           ├── data_type: bars
           ├── record_count: 372
           ├── partitions: 1
           └── total_bytes: 15.0 KB
[19:49:32] [32mINFO [0m  trades_written
           ├── data_type: trades
           ├── record_count: 16756
           ├── partitions: 1
           └── total_bytes: 159.0 KB
[19:50:17] [32mINFO [0m  quotes_written
           ├── data_type: quotes
           ├── record_count: 1427767
           ├── partitions: 1
           └── total_bytes: 9.0 MB
[1mProcessing SPY[0m [1m[[0m[33mRunning[0m[1m][0m [1;36m38[0m/[1;36m93[0m [1m([0m[1;36m41[0m%[1m)[0m | [1;33m2025[0m[33m-[0m[1;33m12[0m[33m-[0m[1;33m29[0m | [1;32m12.[0m[32m4M[0m records | [1;35m30.[0m[35m1K[0m/s | 6m
51s
[19:50:17] [32mINFO [0m  bars_written
           ├── data_type: bars
           ├── record_count: 405
           ├── partitions: 1
           └── total_bytes: 17.0 KB
[19:50:18] [32mINFO [0m  trades_written
           ├── data_type: trades
           ├── record_count: 15164
           ├── partitions: 1
           └── total_bytes: 145.0 KB
[19:50:51] [32mINFO [0m  quotes_written
           ├── data_type: quotes
           ├── record_count: 1030103
           ├── partitions: 1
           └── total_bytes: 6.0 MB
[1mProcessing SPY[0m [1m[[0m[33mRunning[0m[1m][0m [1;36m41[0m/[1;36m93[0m [1m([0m[1;36m44[0m%[1m)[0m | [1;33m2025[0m[33m-[0m[1;33m12[0m[33m-[0m[1;33m30[0m | [1;32m13.[0m[32m4M[0m records | [1;35m30.[0m[35m1K[0m/s | 7m
25s
[19:50:51] [32mINFO [0m  bars_written
           ├── data_type: bars
           ├── record_count: 413
           ├── partitions: 1
           └── total_bytes: 16.0 KB
[19:50:52] [32mINFO [0m  trades_written
           ├── data_type: trades
           ├── record_count: 18817
           ├── partitions: 1
           └── total_bytes: 184.0 KB
[19:51:43] [32mINFO [0m  quotes_written
           ├── data_type: quotes
           ├── record_count: 1497965
           ├── partitions: 1
           └── total_bytes: 10.0 MB
[1mProcessing SPY[0m [1m[[0m[33mRunning[0m[1m][0m [1;36m44[0m/[1;36m93[0m [1m([0m[1;36m47[0m%[1m)[0m | [1;33m2025[0m[33m-[0m[1;33m12[0m[33m-[0m[1;33m31[0m | [1;32m14.[0m[32m9M[0m records | [1;35m30.[0m[35m0K[0m/s | 8m
17s
[19:51:44] [32mINFO [0m  bars_written
           ├── data_type: bars
           ├── record_count: 392
           ├── partitions: 1
           └── total_bytes: 17.0 KB
[19:51:44] [32mINFO [0m  trades_written
           ├── data_type: trades
           ├── record_count: 15751
           ├── partitions: 1
           └── total_bytes: 163.0 KB
[19:53:07] [32mINFO [0m  quotes_written
           ├── data_type: quotes
           ├── record_count: 2161391
           ├── partitions: 1
           └── total_bytes: 15.0 MB
[1mProcessing SPY[0m [1m[[0m[33mRunning[0m[1m][0m [1;36m50[0m/[1;36m93[0m [1m([0m[1;36m54[0m%[1m)[0m | [1;33m2026[0m[33m-[0m[1;33m01[0m[33m-[0m[1;33m02[0m | [1;32m17.[0m[32m1M[0m records | [1;35m29.[0m[35m4K[0m/s | 9m
41s
[19:53:07] [32mINFO [0m  bars_written
           ├── data_type: bars
           ├── record_count: 396
           ├── partitions: 1
           └── total_bytes: 18.0 KB
[19:53:08] [32mINFO [0m  trades_written
           ├── data_type: trades
           ├── record_count: 18406
           ├── partitions: 1
           └── total_bytes: 182.0 KB
[19:54:17] [32mINFO [0m  quotes_written
           ├── data_type: quotes
           ├── record_count: 2073002
           ├── partitions: 1
           └── total_bytes: 13.0 MB
[1mProcessing SPY[0m [1m[[0m[33mRunning[0m[1m][0m [1;36m59[0m/[1;36m93[0m [1m([0m[1;36m63[0m%[1m)[0m | [1;33m2026[0m[33m-[0m[1;33m01[0m[33m-[0m[1;33m05[0m | [1;32m19.[0m[32m2M[0m records | [1;35m29.[0m[35m5K[0m/s | 
10m 51s
[19:54:17] [32mINFO [0m  bars_written
           ├── data_type: bars
           ├── record_count: 410
           ├── partitions: 1
           └── total_bytes: 17.0 KB
[19:54:18] [32mINFO [0m  trades_written
           ├── data_type: trades
           ├── record_count: 25281
           ├── partitions: 1
           └── total_bytes: 243.0 KB
[19:55:13] [32mINFO [0m  quotes_written
           ├── data_type: quotes
           ├── record_count: 1763317
           ├── partitions: 1
           └── total_bytes: 11.0 MB
[1mProcessing SPY[0m [1m[[0m[33mRunning[0m[1m][0m [1;36m62[0m/[1;36m93[0m [1m([0m[1;36m67[0m%[1m)[0m | [1;33m2026[0m[33m-[0m[1;33m01[0m[33m-[0m[1;33m06[0m | [1;32m21.[0m[32m0M[0m records | [1;35m29.[0m[35m6K[0m/s | 
11m 47s
[19:55:14] [32mINFO [0m  bars_written
           ├── data_type: bars
           ├── record_count: 425
           ├── partitions: 1
           └── total_bytes: 18.0 KB
[19:55:15] [32mINFO [0m  trades_written
           ├── data_type: trades
           ├── record_count: 22097
           ├── partitions: 1
           └── total_bytes: 216.0 KB
[19:56:34] [32mINFO [0m  quotes_written
           ├── data_type: quotes
           ├── record_count: 2149712
           ├── partitions: 1
           └── total_bytes: 13.0 MB
[1mProcessing SPY[0m [1m[[0m[33mRunning[0m[1m][0m [1;36m65[0m/[1;36m93[0m [1m([0m[1;36m70[0m%[1m)[0m | [1;33m2026[0m[33m-[0m[1;33m01[0m[33m-[0m[1;33m07[0m | [1;32m23.[0m[32m2M[0m records | [1;35m29.[0m[35m4K[0m/s | 
13m 8s
[19:56:34] [32mINFO [0m  bars_written
           ├── data_type: bars
           ├── record_count: 417
           ├── partitions: 1
           └── total_bytes: 18.0 KB
[19:56:35] [32mINFO [0m  trades_written
           ├── data_type: trades
           ├── record_count: 22302
           ├── partitions: 1
           └── total_bytes: 217.0 KB
[19:58:13] [32mINFO [0m  quotes_written
           ├── data_type: quotes
           ├── record_count: 3109940
           ├── partitions: 1
           └── total_bytes: 19.0 MB
[1mProcessing SPY[0m [1m[[0m[33mRunning[0m[1m][0m [1;36m68[0m/[1;36m93[0m [1m([0m[1;36m73[0m%[1m)[0m | [1;33m2026[0m[33m-[0m[1;33m01[0m[33m-[0m[1;33m08[0m | [1;32m26.[0m[32m3M[0m records | [1;35m29.[0m[35m6K[0m/s | 
14m 48s
[19:58:14] [32mINFO [0m  bars_written
           ├── data_type: bars
           ├── record_count: 414
           ├── partitions: 1
           └── total_bytes: 17.0 KB
[19:58:15] [32mINFO [0m  trades_written
           ├── data_type: trades
           ├── record_count: 23936
           ├── partitions: 1
           └── total_bytes: 234.0 KB
[19:59:35] [32mINFO [0m  quotes_written
           ├── data_type: quotes
           ├── record_count: 2633546
           ├── partitions: 1
           └── total_bytes: 17.0 MB
[1mProcessing SPY[0m [1m[[0m[33mRunning[0m[1m][0m [1;36m71[0m/[1;36m93[0m [1m([0m[1;36m76[0m%[1m)[0m | [1;33m2026[0m[33m-[0m[1;33m01[0m[33m-[0m[1;33m09[0m | [1;32m28.[0m[32m9M[0m records | [1;35m29.[0m[35m9K[0m/s | 
16m 9s
[19:59:36] [32mINFO [0m  bars_written
           ├── data_type: bars
           ├── record_count: 440
           ├── partitions: 1
           └── total_bytes: 19.0 KB
[19:59:36] [32mINFO [0m  trades_written
           ├── data_type: trades
           ├── record_count: 22633
           ├── partitions: 1
           └── total_bytes: 221.0 KB
[20:00:33] [32mINFO [0m  quotes_written
           ├── data_type: quotes
           ├── record_count: 1781893
           ├── partitions: 1
           └── total_bytes: 11.0 MB
[1mProcessing SPY[0m [1m[[0m[33mRunning[0m[1m][0m [1;36m80[0m/[1;36m93[0m [1m([0m[1;36m86[0m%[1m)[0m | [1;33m2026[0m[33m-[0m[1;33m01[0m[33m-[0m[1;33m12[0m | [1;32m30.[0m[32m8M[0m records | [1;35m29.[0m[35m9K[0m/s | 
17m 7s
[20:00:33] [32mINFO [0m  bars_written
           ├── data_type: bars
           ├── record_count: 416
           ├── partitions: 1
           └── total_bytes: 18.0 KB
[20:00:35] [32mINFO [0m  trades_written
           ├── data_type: trades
           ├── record_count: 22115
           ├── partitions: 1
           └── total_bytes: 216.0 KB
[20:02:08] [32mINFO [0m  quotes_written
           ├── data_type: quotes
           ├── record_count: 2910045
           ├── partitions: 1
           └── total_bytes: 19.0 MB
[1mProcessing SPY[0m [1m[[0m[33mRunning[0m[1m][0m [1;36m83[0m/[1;36m93[0m [1m([0m[1;36m89[0m%[1m)[0m | [1;33m2026[0m[33m-[0m[1;33m01[0m[33m-[0m[1;33m13[0m | [1;32m33.[0m[32m7M[0m records | [1;35m30.[0m[35m0K[0m/s | 
18m 42s
[20:02:08] [32mINFO [0m  bars_written
           ├── data_type: bars
           ├── record_count: 421
           ├── partitions: 1
           └── total_bytes: 18.0 KB
[20:02:09] [32mINFO [0m  trades_written
           ├── data_type: trades
           ├── record_count: 24543
           ├── partitions: 1
           └── total_bytes: 246.0 KB
[20:04:11] [32mINFO [0m  quotes_written
           ├── data_type: quotes
           ├── record_count: 3949530
           ├── partitions: 1
           └── total_bytes: 25.0 MB
[1mProcessing SPY[0m [1m[[0m[33mRunning[0m[1m][0m [1;36m86[0m/[1;36m93[0m [1m([0m[1;36m92[0m%[1m)[0m | [1;33m2026[0m[33m-[0m[1;33m01[0m[33m-[0m[1;33m14[0m | [1;32m37.[0m[32m7M[0m records | [1;35m30.[0m[35m2K[0m/s | 
20m 45s
[20:04:12] [32mINFO [0m  bars_written
           ├── data_type: bars
           ├── record_count: 408
           ├── partitions: 1
           └── total_bytes: 18.0 KB
[20:04:13] [32mINFO [0m  trades_written
           ├── data_type: trades
           ├── record_count: 31312
           ├── partitions: 1
           └── total_bytes: 304.0 KB
[20:05:38] [32mINFO [0m  quotes_written
           ├── data_type: quotes
           ├── record_count: 2667148
           ├── partitions: 1
           └── total_bytes: 17.0 MB
[1mProcessing SPY[0m [1m[[0m[33mRunning[0m[1m][0m [1;36m89[0m/[1;36m93[0m [1m([0m[1;36m96[0m%[1m)[0m | [1;33m2026[0m[33m-[0m[1;33m01[0m[33m-[0m[1;33m15[0m | [1;32m40.[0m[32m4M[0m records | [1;35m30.[0m[35m3K[0m/s | 
22m 12s
[20:05:38] [32mINFO [0m  bars_written
           ├── data_type: bars
           ├── record_count: 408
           ├── partitions: 1
           └── total_bytes: 18.0 KB
[20:05:38] [32mINFO [0m  trades_written
           ├── data_type: trades
           ├── record_count: 12359
           ├── partitions: 1
           └── total_bytes: 124.0 KB
[20:06:41] [32mINFO [0m  quotes_written
           ├── data_type: quotes
           ├── record_count: 1995821
           ├── partitions: 1
           └── total_bytes: 12.0 MB
[1mProcessing SPY[0m [1m[[0m[33mRunning[0m[1m][0m [1;36m92[0m/[1;36m93[0m [1m([0m[1;36m99[0m%[1m)[0m | [1;33m2026[0m[33m-[0m[1;33m01[0m[33m-[0m[1;33m16[0m | [1;32m42.[0m[32m4M[0m records | [1;35m30.[0m[35m4K[0m/s | 
23m 15s
[20:06:41] [32mINFO [0m  bars_written
           ├── data_type: bars
           ├── record_count: 316
           ├── partitions: 1
           └── total_bytes: 14.0 KB
[20:06:41] [32mINFO [0m  symbol_backfill_complete
           ├── symbol: SPY
           ├── trades: 414091
           ├── quotes: 41945418
           ├── bars: 8347
           ├── bytes_written: 281.0 MB
           ├── elapsed: 23m 15s
           └── throughput: 30356/s
[1;34mStarted:[0m Processing QQQ [1m([0m[1;36m0[0m/[1;36m93[0m[1m)[0m
[20:06:42] [32mINFO [0m  trades_written
           ├── data_type: trades
           ├── record_count: 14141
           ├── partitions: 1
           └── total_bytes: 149.0 KB
[20:09:17] [32mINFO [0m  quotes_written
           ├── data_type: quotes
           ├── record_count: 4704398
           ├── partitions: 1
           └── total_bytes: 32.0 MB
[1mProcessing QQQ[0m [1m[[0m[33mRunning[0m[1m][0m [1;36m2[0m/[1;36m93[0m [1m([0m[1;36m2[0m%[1m)[0m | [1;33m2025[0m[33m-[0m[1;33m12[0m[33m-[0m[1;33m17[0m | [1;32m4.[0m[32m7M[0m records | [1;35m3.[0m[35m0K[0m/s | 2m 36s
[20:09:18] [32mINFO [0m  bars_written
           ├── data_type: bars
           ├── record_count: 432
           ├── partitions: 1
           └── total_bytes: 19.0 KB
[20:09:18] [32mINFO [0m  trades_written
           ├── data_type: trades
           ├── record_count: 13794
           ├── partitions: 1
           └── total_bytes: 142.0 KB
[20:11:48] [32mINFO [0m  quotes_written
           ├── data_type: quotes
           ├── record_count: 4560443
           ├── partitions: 1
           └── total_bytes: 31.0 MB
[1mProcessing QQQ[0m [1m[[0m[33mRunning[0m[1m][0m [1;36m5[0m/[1;36m93[0m [1m([0m[1;36m5[0m%[1m)[0m | [1;33m2025[0m[33m-[0m[1;33m12[0m[33m-[0m[1;33m18[0m | [1;32m9.[0m[32m3M[0m records | [1;35m5.[0m[35m5K[0m/s | 5m 7s
[20:11:49] [32mINFO [0m  bars_written
           ├── data_type: bars
           ├── record_count: 425
           ├── partitions: 1
           └── total_bytes: 19.0 KB
[20:11:49] [32mINFO [0m  trades_written
           ├── data_type: trades
           ├── record_count: 9273
           ├── partitions: 1
           └── total_bytes: 98.0 KB
[20:13:18] [32mINFO [0m  quotes_written
           ├── data_type: quotes
           ├── record_count: 2720713
           ├── partitions: 1
           └── total_bytes: 18.0 MB
[1mProcessing QQQ[0m [1m[[0m[33mRunning[0m[1m][0m [1;36m8[0m/[1;36m93[0m [1m([0m[1;36m9[0m%[1m)[0m | [1;33m2025[0m[33m-[0m[1;33m12[0m[33m-[0m[1;33m19[0m | [1;32m12.[0m[32m0M[0m records | [1;35m6.[0m[35m7K[0m/s | 6m 
37s
[20:13:19] [32mINFO [0m  bars_written
           ├── data_type: bars
           ├── record_count: 431
           ├── partitions: 1
           └── total_bytes: 18.0 KB
[20:13:19] [32mINFO [0m  trades_written
           ├── data_type: trades
           ├── record_count: 10185
           ├── partitions: 1
           └── total_bytes: 104.0 KB
[20:14:57] [32mINFO [0m  quotes_written
           ├── data_type: quotes
           ├── record_count: 3067659
           ├── partitions: 1
           └── total_bytes: 20.0 MB
[1mProcessing QQQ[0m [1m[[0m[33mRunning[0m[1m][0m [1;36m17[0m/[1;36m93[0m [1m([0m[1;36m18[0m%[1m)[0m | [1;33m2025[0m[33m-[0m[1;33m12[0m[33m-[0m[1;33m22[0m | [1;32m15.[0m[32m1M[0m records | [1;35m8.[0m[35m0K[0m/s | 8m 
15s
[20:14:57] [32mINFO [0m  bars_written
           ├── data_type: bars
           ├── record_count: 418
           ├── partitions: 1
           └── total_bytes: 16.0 KB
[20:14:58] [32mINFO [0m  trades_written
           ├── data_type: trades
           ├── record_count: 11478
           ├── partitions: 1
           └── total_bytes: 118.0 KB
[20:16:23] [32mINFO [0m  quotes_written
           ├── data_type: quotes
           ├── record_count: 2745678
           ├── partitions: 1
           └── total_bytes: 18.0 MB
[1mProcessing QQQ[0m [1m[[0m[33mRunning[0m[1m][0m [1;36m20[0m/[1;36m93[0m [1m([0m[1;36m22[0m%[1m)[0m | [1;33m2025[0m[33m-[0m[1;33m12[0m[33m-[0m[1;33m23[0m | [1;32m17.[0m[32m9M[0m records | [1;35m9.[0m[35m0K[0m/s | 9m 
41s
[20:16:23] [32mINFO [0m  bars_written
           ├── data_type: bars
           ├── record_count: 418
           ├── partitions: 1
           └── total_bytes: 18.0 KB
[20:16:24] [32mINFO [0m  trades_written
           ├── data_type: trades
           ├── record_count: 3826
           ├── partitions: 1
           └── total_bytes: 40.0 KB
[20:16:53] [32mINFO [0m  quotes_written
           ├── data_type: quotes
           ├── record_count: 910324
           ├── partitions: 1
           └── total_bytes: 6.0 MB
[1mProcessing QQQ[0m [1m[[0m[33mRunning[0m[1m][0m [1;36m23[0m/[1;36m93[0m [1m([0m[1;36m25[0m%[1m)[0m | [1;33m2025[0m[33m-[0m[1;33m12[0m[33m-[0m[1;33m24[0m | [1;32m18.[0m[32m8M[0m records | [1;35m9.[0m[35m4K[0m/s | 10m
11s
[20:16:53] [32mINFO [0m  bars_written
           ├── data_type: bars
           ├── record_count: 223
           ├── partitions: 1
           └── total_bytes: 11.0 KB
[20:16:53] [32mINFO [0m  trades_written
           ├── data_type: trades
           ├── record_count: 7445
           ├── partitions: 1
           └── total_bytes: 74.0 KB
[20:18:14] [32mINFO [0m  quotes_written
           ├── data_type: quotes
           ├── record_count: 2600558
           ├── partitions: 1
           └── total_bytes: 16.0 MB
[1mProcessing QQQ[0m [1m[[0m[33mRunning[0m[1m][0m [1;36m29[0m/[1;36m93[0m [1m([0m[1;36m31[0m%[1m)[0m | [1;33m2025[0m[33m-[0m[1;33m12[0m[33m-[0m[1;33m26[0m | [1;32m21.[0m[32m4M[0m records | [1;35m10.[0m[35m2K[0m/s | 
11m 33s
[20:18:15] [32mINFO [0m  bars_written
           ├── data_type: bars
           ├── record_count: 405
           ├── partitions: 1
           └── total_bytes: 16.0 KB
[20:18:15] [32mINFO [0m  trades_written
           ├── data_type: trades
           ├── record_count: 8775
           ├── partitions: 1
           └── total_bytes: 91.0 KB
[20:19:42] [32mINFO [0m  quotes_written
           ├── data_type: quotes
           ├── record_count: 2650899
           ├── partitions: 1
           └── total_bytes: 18.0 MB
[1mProcessing QQQ[0m [1m[[0m[33mRunning[0m[1m][0m [1;36m38[0m/[1;36m93[0m [1m([0m[1;36m41[0m%[1m)[0m | [1;33m2025[0m[33m-[0m[1;33m12[0m[33m-[0m[1;33m29[0m | [1;32m24.[0m[32m0M[0m records | [1;35m11.[0m[35m0K[0m/s | 
13m 0s
[20:19:42] [32mINFO [0m  bars_written
           ├── data_type: bars
           ├── record_count: 408
           ├── partitions: 1
           └── total_bytes: 17.0 KB
[20:19:43] [32mINFO [0m  trades_written
           ├── data_type: trades
           ├── record_count: 8127
           ├── partitions: 1
           └── total_bytes: 82.0 KB
[20:21:02] [32mINFO [0m  quotes_written
           ├── data_type: quotes
           ├── record_count: 2456754
           ├── partitions: 1
           └── total_bytes: 16.0 MB
[1mProcessing QQQ[0m [1m[[0m[33mRunning[0m[1m][0m [1;36m41[0m/[1;36m93[0m [1m([0m[1;36m44[0m%[1m)[0m | [1;33m2025[0m[33m-[0m[1;33m12[0m[33m-[0m[1;33m30[0m | [1;32m26.[0m[32m5M[0m records | [1;35m11.[0m[35m7K[0m/s | 
14m 20s
[20:21:02] [32mINFO [0m  bars_written
           ├── data_type: bars
           ├── record_count: 403
           ├── partitions: 1
           └── total_bytes: 16.0 KB
[20:21:02] [32mINFO [0m  trades_written
           ├── data_type: trades
           ├── record_count: 8587
           ├── partitions: 1
           └── total_bytes: 89.0 KB
[20:22:17] [32mINFO [0m  quotes_written
           ├── data_type: quotes
           ├── record_count: 2325026
           ├── partitions: 1
           └── total_bytes: 15.0 MB
[1mProcessing QQQ[0m [1m[[0m[33mRunning[0m[1m][0m [1;36m44[0m/[1;36m93[0m [1m([0m[1;36m47[0m%[1m)[0m | [1;33m2025[0m[33m-[0m[1;33m12[0m[33m-[0m[1;33m31[0m | [1;32m28.[0m[32m8M[0m records | [1;35m12.[0m[35m4K[0m/s | 
15m 35s
[20:22:17] [32mINFO [0m  bars_written
           ├── data_type: bars
           ├── record_count: 408
           ├── partitions: 1
           └── total_bytes: 17.0 KB
[20:22:17] [32mINFO [0m  trades_written
           ├── data_type: trades
           ├── record_count: 11405
           ├── partitions: 1
           └── total_bytes: 123.0 KB
[20:24:37] [32mINFO [0m  quotes_written
           ├── data_type: quotes
           ├── record_count: 4234565
           ├── partitions: 1
           └── total_bytes: 28.0 MB
[1mProcessing QQQ[0m [1m[[0m[33mRunning[0m[1m][0m [1;36m50[0m/[1;36m93[0m [1m([0m[1;36m54[0m%[1m)[0m | [1;33m2026[0m[33m-[0m[1;33m01[0m[33m-[0m[1;33m02[0m | [1;32m33.[0m[32m1M[0m records | [1;35m13.[0m[35m4K[0m/s | 
17m 56s
[20:24:38] [32mINFO [0m  bars_written
           ├── data_type: bars
           ├── record_count: 416
           ├── partitions: 1
           └── total_bytes: 19.0 KB
[20:24:38] [32mINFO [0m  trades_written
           ├── data_type: trades
           ├── record_count: 9734
           ├── partitions: 1
           └── total_bytes: 101.0 KB
[20:26:38] [32mINFO [0m  quotes_written
           ├── data_type: quotes
           ├── record_count: 3428123
           ├── partitions: 1
           └── total_bytes: 23.0 MB
[1mProcessing QQQ[0m [1m[[0m[33mRunning[0m[1m][0m [1;36m59[0m/[1;36m93[0m [1m([0m[1;36m63[0m%[1m)[0m | [1;33m2026[0m[33m-[0m[1;33m01[0m[33m-[0m[1;33m05[0m | [1;32m36.[0m[32m5M[0m records | [1;35m14.[0m[35m1K[0m/s | 
19m 57s
[20:26:39] [32mINFO [0m  bars_written
           ├── data_type: bars
           ├── record_count: 429
           ├── partitions: 1
           └── total_bytes: 18.0 KB
[20:26:39] [32mINFO [0m  trades_written
           ├── data_type: trades
           ├── record_count: 10315
           ├── partitions: 1
           └── total_bytes: 108.0 KB
[20:28:21] [32mINFO [0m  quotes_written
           ├── data_type: quotes
           ├── record_count: 3138785
           ├── partitions: 1
           └── total_bytes: 21.0 MB
[1mProcessing QQQ[0m [1m[[0m[33mRunning[0m[1m][0m [1;36m62[0m/[1;36m93[0m [1m([0m[1;36m67[0m%[1m)[0m | [1;33m2026[0m[33m-[0m[1;33m01[0m[33m-[0m[1;33m06[0m | [1;32m39.[0m[32m7M[0m records | [1;35m14.[0m[35m7K[0m/s | 
21m 39s
[20:28:21] [32mINFO [0m  bars_written
           ├── data_type: bars
           ├── record_count: 425
           ├── partitions: 1
           └── total_bytes: 18.0 KB
[20:28:22] [32mINFO [0m  trades_written
           ├── data_type: trades
           ├── record_count: 12745
           ├── partitions: 1
           └── total_bytes: 129.0 KB
[20:30:24] [32mINFO [0m  quotes_written
           ├── data_type: quotes
           ├── record_count: 3717357
           ├── partitions: 1
           └── total_bytes: 25.0 MB
[1mProcessing QQQ[0m [1m[[0m[33mRunning[0m[1m][0m [1;36m65[0m/[1;36m93[0m [1m([0m[1;36m70[0m%[1m)[0m | [1;33m2026[0m[33m-[0m[1;33m01[0m[33m-[0m[1;33m07[0m | [1;32m43.[0m[32m4M[0m records | [1;35m15.[0m[35m4K[0m/s | 
23m 43s
[20:30:25] [32mINFO [0m  bars_written
           ├── data_type: bars
           ├── record_count: 421
           ├── partitions: 1
           └── total_bytes: 18.0 KB
[20:30:25] [32mINFO [0m  trades_written
           ├── data_type: trades
           ├── record_count: 10984
           ├── partitions: 1
           └── total_bytes: 113.0 KB
[20:32:49] [32mINFO [0m  quotes_written
           ├── data_type: quotes
           ├── record_count: 4235723
           ├── partitions: 1
           └── total_bytes: 28.0 MB
[1mProcessing QQQ[0m [1m[[0m[33mRunning[0m[1m][0m [1;36m68[0m/[1;36m93[0m [1m([0m[1;36m73[0m%[1m)[0m | [1;33m2026[0m[33m-[0m[1;33m01[0m[33m-[0m[1;33m08[0m | [1;32m47.[0m[32m7M[0m records | [1;35m16.[0m[35m1K[0m/s | 
26m 8s
[20:32:50] [32mINFO [0m  bars_written
           ├── data_type: bars
           ├── record_count: 415
           ├── partitions: 1
           └── total_bytes: 17.0 KB
[20:32:50] [32mINFO [0m  trades_written
           ├── data_type: trades
           ├── record_count: 10807
           ├── partitions: 1
           └── total_bytes: 114.0 KB
[20:34:39] [32mINFO [0m  quotes_written
           ├── data_type: quotes
           ├── record_count: 3423253
           ├── partitions: 1
           └── total_bytes: 23.0 MB
[1mProcessing QQQ[0m [1m[[0m[33mRunning[0m[1m][0m [1;36m71[0m/[1;36m93[0m [1m([0m[1;36m76[0m%[1m)[0m | [1;33m2026[0m[33m-[0m[1;33m01[0m[33m-[0m[1;33m09[0m | [1;32m51.[0m[32m1M[0m records | [1;35m16.[0m[35m6K[0m/s | 
27m 58s
[20:34:40] [32mINFO [0m  bars_written
           ├── data_type: bars
           ├── record_count: 441
           ├── partitions: 1
           └── total_bytes: 19.0 KB
[20:34:40] [32mINFO [0m  trades_written
           ├── data_type: trades
           ├── record_count: 9420
           ├── partitions: 1
           └── total_bytes: 99.0 KB
[20:36:06] [32mINFO [0m  quotes_written
           ├── data_type: quotes
           ├── record_count: 2640656
           ├── partitions: 1
           └── total_bytes: 18.0 MB
[1mProcessing QQQ[0m [1m[[0m[33mRunning[0m[1m][0m [1;36m80[0m/[1;36m93[0m [1m([0m[1;36m86[0m%[1m)[0m | [1;33m2026[0m[33m-[0m[1;33m01[0m[33m-[0m[1;33m12[0m | [1;32m53.[0m[32m7M[0m records | [1;35m17.[0m[35m0K[0m/s | 
29m 25s
[20:36:07] [32mINFO [0m  bars_written
           ├── data_type: bars
           ├── record_count: 418
           ├── partitions: 1
           └── total_bytes: 18.0 KB
[20:36:07] [32mINFO [0m  trades_written
           ├── data_type: trades
           ├── record_count: 8933
           ├── partitions: 1
           └── total_bytes: 95.0 KB
[20:38:15] [32mINFO [0m  quotes_written
           ├── data_type: quotes
           ├── record_count: 3356401
           ├── partitions: 1
           └── total_bytes: 22.0 MB
[1mProcessing QQQ[0m [1m[[0m[33mRunning[0m[1m][0m [1;36m83[0m/[1;36m93[0m [1m([0m[1;36m89[0m%[1m)[0m | [1;33m2026[0m[33m-[0m[1;33m01[0m[33m-[0m[1;33m13[0m | [1;32m57.[0m[32m1M[0m records | [1;35m17.[0m[35m4K[0m/s | 
31m 34s
[20:38:16] [32mINFO [0m  bars_written
           ├── data_type: bars
           ├── record_count: 437
           ├── partitions: 1
           └── total_bytes: 19.0 KB
[20:38:16] [32mINFO [0m  trades_written
           ├── data_type: trades
           ├── record_count: 12861
           ├── partitions: 1
           └── total_bytes: 136.0 KB
[20:41:30] [32mINFO [0m  quotes_written
           ├── data_type: quotes
           ├── record_count: 5622411
           ├── partitions: 1
           └── total_bytes: 38.0 MB
[1mProcessing QQQ[0m [1m[[0m[33mRunning[0m[1m][0m [1;36m86[0m/[1;36m93[0m [1m([0m[1;36m92[0m%[1m)[0m | [1;33m2026[0m[33m-[0m[1;33m01[0m[33m-[0m[1;33m14[0m | [1;32m62.[0m[32m7M[0m records | [1;35m18.[0m[35m0K[0m/s | 
34m 49s
[20:41:31] [32mINFO [0m  bars_written
           ├── data_type: bars
           ├── record_count: 424
           ├── partitions: 1
           └── total_bytes: 19.0 KB
[20:41:31] [32mINFO [0m  trades_written
           ├── data_type: trades
           ├── record_count: 9648
           ├── partitions: 1
           └── total_bytes: 102.0 KB
[20:43:55] [32mINFO [0m  quotes_written
           ├── data_type: quotes
           ├── record_count: 3984988
           ├── partitions: 1
           └── total_bytes: 27.0 MB
[1mProcessing QQQ[0m [1m[[0m[33mRunning[0m[1m][0m [1;36m89[0m/[1;36m93[0m [1m([0m[1;36m96[0m%[1m)[0m | [1;33m2026[0m[33m-[0m[1;33m01[0m[33m-[0m[1;33m15[0m | [1;32m66.[0m[32m7M[0m records | [1;35m18.[0m[35m4K[0m/s | 
37m 14s
[20:43:56] [32mINFO [0m  bars_written
           ├── data_type: bars
           ├── record_count: 444
           ├── partitions: 1
           └── total_bytes: 19.0 KB
[20:43:56] [32mINFO [0m  trades_written
           ├── data_type: trades
           ├── record_count: 8162
           ├── partitions: 1
           └── total_bytes: 86.0 KB
[20:45:39] [32mINFO [0m  quotes_written
           ├── data_type: quotes
           ├── record_count: 3154854
           ├── partitions: 1
           └── total_bytes: 21.0 MB
[1mProcessing QQQ[0m [1m[[0m[33mRunning[0m[1m][0m [1;36m92[0m/[1;36m93[0m [1m([0m[1;36m99[0m%[1m)[0m | [1;33m2026[0m[33m-[0m[1;33m01[0m[33m-[0m[1;33m16[0m | [1;32m69.[0m[32m9M[0m records | [1;35m18.[0m[35m7K[0m/s | 
38m 57s
[20:45:39] [32mINFO [0m  bars_written
           ├── data_type: bars
           ├── record_count: 325
           ├── partitions: 1
           └── total_bytes: 15.0 KB
[20:45:39] [32mINFO [0m  symbol_backfill_complete
           ├── symbol: QQQ
           ├── trades: 210645
           ├── quotes: 69679568
           ├── bars: 8566
           ├── bytes_written: 475.0 MB
           ├── elapsed: 1h 2m
           └── throughput: 18722/s
[1mProcessing SPY[0m [1m[[0m[32mComplete[0m[1m][0m [1;36m93[0m/[1;36m93[0m [1m([0m[1;36m100[0m%[1m)[0m | [1;33m2026[0m[33m-[0m[1;33m01[0m[33m-[0m[1;33m16[0m | [1;32m42.[0m[32m4M[0m records | [1;35m30.[0m[35m4K[0m/s | 
1h 2m
[1mProcessing QQQ[0m [1m[[0m[32mComplete[0m[1m][0m [1;36m93[0m/[1;36m93[0m [1m([0m[1;36m100[0m%[1m)[0m | [1;33m2026[0m[33m-[0m[1;33m01[0m[33m-[0m[1;33m16[0m | [1;32m69.[0m[32m9M[0m records | [1;35m18.[0m[35m7K[0m/s | 
38m 57s
[20:45:39] [32mINFO [0m  backfill_complete
           ├── total_trades: 624736
           ├── total_quotes: 111624986
           ├── total_bars: 16913
           ├── total_bytes: 757.0 MB
           ├── elapsed: 1h 2m
           └── avg_throughput: 30070 records/sec

[1;32mBackfill complete[0m
[2m  [0m[2mTrades       [0m[2m  [0m[1m  [0m[1m624.7K           [0m[1m  [0m
[2m  [0m[2mQuotes       [0m[2m  [0m[1m  [0m[1m111.6M           [0m[1m  [0m
[2m  [0m[2mBars         [0m[2m  [0m[1m  [0m[1m16.9K            [0m[1m  [0m
[2m  [0m[2mTotal Records[0m[2m  [0m[1m  [0m[1m112.3M           [0m[1m  [0m
[2m  [0m[2mData Size    [0m[2m  [0m[1m  [0m[1m757.0 MB         [0m[1m  [0m
[2m  [0m[2mDuration     [0m[2m  [0m[1m  [0m[1m1h 2m            [0m[1m  [0m
[2m  [0m[2mThroughput   [0m[2m  [0m[1m  [0m[1m30070 records/sec[0m[1m  [0m

[1mPer-Symbol Breakdown[0m
[1m [0m[1mSymbol[0m[1m [0m[1m [0m[1mTrades[0m[1m [0m[1m [0m[1mQuotes[0m[1m [0m[1m [0m[1mBars[0m[1m [0m[1m [0m[1m    Size[0m[1m [0m[1m [0m[1m   Time[0m[1m [0m
 SPY     414.1K   41.9M  8.3K  281.0 MB  23m 15s 
 QQQ     210.6K   69.7M  8.6K  475.0 MB    1h 2m 

